Dump	Testing YaPI Read
Read	.target.tmpdir nil
Log	Failed to set temporary directory: nil
Read	.sysconfig.network.dhcp.DHCLIENT_SET_HOSTNAME "yes"
Read	.sysconfig.network.dhcp.WRITE_HOSTNAME_TO_HOSTS "no"
Read	.sysconfig.network.config.NETCONFIG_DNS_POLICY nil
Read	.sysconfig.network.config.NETCONFIG_DNS_STATIC_SERVERS "208.67.222.222 208.67.220.220"
Read	.sysconfig.network.config.NETCONFIG_DNS_STATIC_SEARCHLIST "suse.cz suse.de"
Read	.target.stat "/etc/hostname" $["exists":true]
Read	.target.string "/etc/hostname" "laptop.suse.cz"
Read	.target.size "/etc/sysconfig/network/routes" 27
Read	.routes [$["destination":"default", "gateway":"10.20.30.40"]]
Execute	.target.bash "rpm -q --whatprovides SuSEfirewall2" 0
Execute	.target.bash_output " LANG=C TERM=dumb COLUMNS=1024 systemctl --no-legend --no-pager --no-ask-password show SuSEfirewall2.service  --property=Id  --property=MainPID  --property=Description  --property=LoadState  --property=ActiveState  --property=SubState  --property=UnitFileState  --property=FragmentPath " $["exit":0, "stderr":"", "stdout":"laptop.suse.cz"]
Execute	.target.bash_output " LANG=C TERM=dumb COLUMNS=1024 systemctl --no-legend --no-pager --no-ask-password is-enabled SuSEfirewall2.service " $["exit":0, "stderr":"", "stdout":"laptop.suse.cz"]
Read	.etc.sysctl_conf."net.ipv4.ip_forward" nil
Read	.etc.sysctl_conf."net.ipv6.conf.all.forwarding" nil
Dir	.network.section: ["eth0", "eth1", "eth2", "eth3", "eth4", "eth5", "eth5.23"]
Dir	.network.value."eth0": ["BOOTPROTO", "STARTMODE"]
Read	.network.value."eth0".BOOTPROTO "dhcp4"
Read	.network.value."eth0".STARTMODE "manual"
Read	.target.stat "/sys/class/net/eth0/type" $["exists":true]
Read	.target.string "/sys/class/net/eth0/type" "laptop.suse.cz"
Dir	.network.value."eth1": ["BOOTPROTO", "IPADDR", "MTU", "STARTMODE"]
Read	.network.value."eth1".BOOTPROTO "static"
Read	.network.value."eth1".IPADDR "1.2.3.4/24"
Read	.network.value."eth1".MTU "1234"
Read	.network.value."eth1".STARTMODE "auto"
Read	.target.stat "/sys/class/net/eth1/type" $["exists":true]
Read	.target.string "/sys/class/net/eth1/type" "laptop.suse.cz"
Dir	.network.value."eth2": ["BOOTPROTO", "IPADDR", "PREFIXLEN", "STARTMODE"]
Read	.network.value."eth2".BOOTPROTO "static"
Read	.network.value."eth2".IPADDR "1.2.3.5/24"
Read	.network.value."eth2".PREFIXLEN ""
Read	.network.value."eth2".STARTMODE "auto"
Read	.target.stat "/sys/class/net/eth2/type" $["exists":true]
Read	.target.string "/sys/class/net/eth2/type" "laptop.suse.cz"
Dir	.network.value."eth3": ["BOOTPROTO", "IPADDR", "PREFIXLEN", "STARTMODE"]
Read	.network.value."eth3".BOOTPROTO "static"
Read	.network.value."eth3".IPADDR "1.2.3.6"
Read	.network.value."eth3".PREFIXLEN "24"
Read	.network.value."eth3".STARTMODE "auto"
Read	.target.stat "/sys/class/net/eth3/type" $["exists":true]
Read	.target.string "/sys/class/net/eth3/type" "laptop.suse.cz"
Dir	.network.value."eth4": ["BOOTPROTO", "IPADDR", "NETMASK", "STARTMODE"]
Read	.network.value."eth4".BOOTPROTO "static"
Read	.network.value."eth4".IPADDR "1.2.3.7"
Read	.network.value."eth4".NETMASK "255.255.255.0"
Read	.network.value."eth4".STARTMODE "auto"
Read	.target.stat "/sys/class/net/eth4/type" $["exists":true]
Read	.target.string "/sys/class/net/eth4/type" "laptop.suse.cz"
Dir	.network.value."eth5": ["BOOTPROTO", "STARTMODE"]
Read	.network.value."eth5".BOOTPROTO "static"
Read	.network.value."eth5".STARTMODE "auto"
Read	.target.stat "/sys/class/net/eth5/type" $["exists":true]
Read	.target.string "/sys/class/net/eth5/type" "laptop.suse.cz"
Dir	.network.value."eth5.23": ["BOOTPROTO", "ETHERDEVICE", "IPADDR", "STARTMODE", "VLAN_ID"]
Read	.network.value."eth5.23".BOOTPROTO "static"
Read	.network.value."eth5.23".ETHERDEVICE "eth5"
Read	.network.value."eth5.23".IPADDR "1.2.3.8/24"
Read	.network.value."eth5.23".STARTMODE "auto"
Read	.network.value."eth5.23".VLAN_ID "23"
Dir	.network.section: ["eth0", "eth1", "eth2", "eth3", "eth4", "eth5", "eth5.23"]
Dir	.network.value."eth0": ["BOOTPROTO", "STARTMODE"]
Read	.network.value."eth0".BOOTPROTO "dhcp4"
Read	.network.value."eth0".STARTMODE "manual"
Read	.target.stat "/sys/class/net/eth0/type" $["exists":true]
Read	.target.string "/sys/class/net/eth0/type" "laptop.suse.cz"
Dir	.network.value."eth1": ["BOOTPROTO", "IPADDR", "MTU", "STARTMODE"]
Read	.network.value."eth1".BOOTPROTO "static"
Read	.network.value."eth1".IPADDR "1.2.3.4/24"
Read	.network.value."eth1".MTU "1234"
Read	.network.value."eth1".STARTMODE "auto"
Read	.target.stat "/sys/class/net/eth1/type" $["exists":true]
Read	.target.string "/sys/class/net/eth1/type" "laptop.suse.cz"
Dir	.network.value."eth2": ["BOOTPROTO", "IPADDR", "PREFIXLEN", "STARTMODE"]
Read	.network.value."eth2".BOOTPROTO "static"
Read	.network.value."eth2".IPADDR "1.2.3.5/24"
Read	.network.value."eth2".PREFIXLEN ""
Read	.network.value."eth2".STARTMODE "auto"
Read	.target.stat "/sys/class/net/eth2/type" $["exists":true]
Read	.target.string "/sys/class/net/eth2/type" "laptop.suse.cz"
Dir	.network.value."eth3": ["BOOTPROTO", "IPADDR", "PREFIXLEN", "STARTMODE"]
Read	.network.value."eth3".BOOTPROTO "static"
Read	.network.value."eth3".IPADDR "1.2.3.6"
Read	.network.value."eth3".PREFIXLEN "24"
Read	.network.value."eth3".STARTMODE "auto"
Read	.target.stat "/sys/class/net/eth3/type" $["exists":true]
Read	.target.string "/sys/class/net/eth3/type" "laptop.suse.cz"
Dir	.network.value."eth4": ["BOOTPROTO", "IPADDR", "NETMASK", "STARTMODE"]
Read	.network.value."eth4".BOOTPROTO "static"
Read	.network.value."eth4".IPADDR "1.2.3.7"
Read	.network.value."eth4".NETMASK "255.255.255.0"
Read	.network.value."eth4".STARTMODE "auto"
Read	.target.stat "/sys/class/net/eth4/type" $["exists":true]
Read	.target.string "/sys/class/net/eth4/type" "laptop.suse.cz"
Dir	.network.value."eth5": ["BOOTPROTO", "STARTMODE"]
Read	.network.value."eth5".BOOTPROTO "static"
Read	.network.value."eth5".STARTMODE "auto"
Read	.target.stat "/sys/class/net/eth5/type" $["exists":true]
Read	.target.string "/sys/class/net/eth5/type" "laptop.suse.cz"
Dir	.network.value."eth5.23": ["BOOTPROTO", "ETHERDEVICE", "IPADDR", "STARTMODE", "VLAN_ID"]
Read	.network.value."eth5.23".BOOTPROTO "static"
Read	.network.value."eth5.23".ETHERDEVICE "eth5"
Read	.network.value."eth5.23".IPADDR "1.2.3.8/24"
Read	.network.value."eth5.23".STARTMODE "auto"
Read	.network.value."eth5.23".VLAN_ID "23"
Read	.probe.architecture "i386"
Read	.sysconfig.console.CONSOLE_ENCODING "UTF-8"
Execute	.target.bash_output "locale -k charmap" $["exit":0, "stderr":"", "stdout":"laptop.suse.cz"]
Read	.target.size "/etc/install.inf" 27
Dir	.etc.install_inf: []
Read	.target.string "/proc/cmdline" "laptop.suse.cz"
Read	.probe.netcard nil
Log	hardware detection failure
Read	.udev_persistent.net nil
Dir	.modules.options: []
Read	.udev_persistent.drivers nil
Read	.target.lstat "/etc/sysconfig/network/ifcfg-eth-pcmcia" nil
Read	.target.lstat "/etc/sysconfig/network/ifcfg-eth-usb" nil
Read	.target.lstat "/etc/sysconfig/network/ifcfg-tr-pcmcia" nil
Read	.target.lstat "/etc/sysconfig/network/ifcfg-tr-usb" nil
Read	.target.stat "/sys/class/net/eth0/type" $["exists":true]
Read	.target.string "/sys/class/net/eth0/type" "laptop.suse.cz"
Read	.target.stat "/sys/class/net/eth0/type" $["exists":true]
Read	.target.string "/sys/class/net/eth0/type" "laptop.suse.cz"
Read	.target.stat "/sys/class/net/eth0/type" $["exists":true]
Read	.target.string "/sys/class/net/eth0/type" "laptop.suse.cz"
Read	.target.stat "/sys/class/net/eth0/type" $["exists":true]
Read	.target.string "/sys/class/net/eth0/type" "laptop.suse.cz"
Read	.target.stat "/sys/class/net/eth0/type" $["exists":true]
Read	.target.string "/sys/class/net/eth0/type" "laptop.suse.cz"
Read	.target.stat "/sys/class/net/eth0/type" $["exists":true]
Read	.target.string "/sys/class/net/eth0/type" "laptop.suse.cz"
Read	.target.stat "/sys/class/net/eth1/type" $["exists":true]
Read	.target.string "/sys/class/net/eth1/type" "laptop.suse.cz"
Read	.target.stat "/sys/class/net/eth1/type" $["exists":true]
Read	.target.string "/sys/class/net/eth1/type" "laptop.suse.cz"
Read	.target.stat "/sys/class/net/eth1/type" $["exists":true]
Read	.target.string "/sys/class/net/eth1/type" "laptop.suse.cz"
Read	.target.stat "/sys/class/net/eth1/type" $["exists":true]
Read	.target.string "/sys/class/net/eth1/type" "laptop.suse.cz"
Read	.target.stat "/sys/class/net/eth1/type" $["exists":true]
Read	.target.string "/sys/class/net/eth1/type" "laptop.suse.cz"
Read	.target.stat "/sys/class/net/eth1/type" $["exists":true]
Read	.target.string "/sys/class/net/eth1/type" "laptop.suse.cz"
Read	.target.stat "/sys/class/net/eth2/type" $["exists":true]
Read	.target.string "/sys/class/net/eth2/type" "laptop.suse.cz"
Read	.target.stat "/sys/class/net/eth2/type" $["exists":true]
Read	.target.string "/sys/class/net/eth2/type" "laptop.suse.cz"
Read	.target.stat "/sys/class/net/eth2/type" $["exists":true]
Read	.target.string "/sys/class/net/eth2/type" "laptop.suse.cz"
Read	.target.stat "/sys/class/net/eth2/type" $["exists":true]
Read	.target.string "/sys/class/net/eth2/type" "laptop.suse.cz"
Read	.target.stat "/sys/class/net/eth2/type" $["exists":true]
Read	.target.string "/sys/class/net/eth2/type" "laptop.suse.cz"
Read	.target.stat "/sys/class/net/eth2/type" $["exists":true]
Read	.target.string "/sys/class/net/eth2/type" "laptop.suse.cz"
Read	.target.stat "/sys/class/net/eth3/type" $["exists":true]
Read	.target.string "/sys/class/net/eth3/type" "laptop.suse.cz"
Read	.target.stat "/sys/class/net/eth3/type" $["exists":true]
Read	.target.string "/sys/class/net/eth3/type" "laptop.suse.cz"
Read	.target.stat "/sys/class/net/eth3/type" $["exists":true]
Read	.target.string "/sys/class/net/eth3/type" "laptop.suse.cz"
Read	.target.stat "/sys/class/net/eth3/type" $["exists":true]
Read	.target.string "/sys/class/net/eth3/type" "laptop.suse.cz"
Read	.target.stat "/sys/class/net/eth3/type" $["exists":true]
Read	.target.string "/sys/class/net/eth3/type" "laptop.suse.cz"
Read	.target.stat "/sys/class/net/eth3/type" $["exists":true]
Read	.target.string "/sys/class/net/eth3/type" "laptop.suse.cz"
Read	.target.stat "/sys/class/net/eth4/type" $["exists":true]
Read	.target.string "/sys/class/net/eth4/type" "laptop.suse.cz"
Read	.target.stat "/sys/class/net/eth4/type" $["exists":true]
Read	.target.string "/sys/class/net/eth4/type" "laptop.suse.cz"
Read	.target.stat "/sys/class/net/eth4/type" $["exists":true]
Read	.target.string "/sys/class/net/eth4/type" "laptop.suse.cz"
Read	.target.stat "/sys/class/net/eth4/type" $["exists":true]
Read	.target.string "/sys/class/net/eth4/type" "laptop.suse.cz"
Read	.target.stat "/sys/class/net/eth4/type" $["exists":true]
Read	.target.string "/sys/class/net/eth4/type" "laptop.suse.cz"
Read	.target.stat "/sys/class/net/eth4/type" $["exists":true]
Read	.target.string "/sys/class/net/eth4/type" "laptop.suse.cz"
Read	.target.stat "/sys/class/net/eth5/type" $["exists":true]
Read	.target.string "/sys/class/net/eth5/type" "laptop.suse.cz"
Read	.target.stat "/sys/class/net/eth5/type" $["exists":true]
Read	.target.string "/sys/class/net/eth5/type" "laptop.suse.cz"
Read	.target.stat "/sys/class/net/eth5/type" $["exists":true]
Read	.target.string "/sys/class/net/eth5/type" "laptop.suse.cz"
Read	.target.stat "/sys/class/net/eth5/type" $["exists":true]
Read	.target.string "/sys/class/net/eth5/type" "laptop.suse.cz"
Read	.target.stat "/sys/class/net/eth5/type" $["exists":true]
Read	.target.string "/sys/class/net/eth5/type" "laptop.suse.cz"
Read	.target.stat "/sys/class/net/eth5/type" $["exists":true]
Read	.target.string "/sys/class/net/eth5/type" "laptop.suse.cz"
Read	.target.stat "/sys/class/net/eth5.23/type" $["exists":true]
Read	.target.string "/sys/class/net/eth5.23/type" "laptop.suse.cz"
Read	.target.stat "/sys/class/net/eth5.23/type" $["exists":true]
Read	.target.string "/sys/class/net/eth5.23/type" "laptop.suse.cz"
Read	.target.stat "/sys/class/net/eth5.23/type" $["exists":true]
Read	.target.string "/sys/class/net/eth5.23/type" "laptop.suse.cz"
Read	.target.stat "/sys/class/net/eth5.23/type" $["exists":true]
Read	.target.string "/sys/class/net/eth5.23/type" "laptop.suse.cz"
Read	.target.stat "/sys/class/net/eth5.23/type" $["exists":true]
Read	.target.string "/sys/class/net/eth5.23/type" "laptop.suse.cz"
Read	.target.stat "/sys/class/net/eth5.23/type" $["exists":true]
Read	.target.string "/sys/class/net/eth5.23/type" "laptop.suse.cz"
Execute	.target.bash_output "hostname --fqdn" $["exit":0, "stderr":"", "stdout":"laptop.suse.cz"]
Execute	.target.bash_output "hostname --fqdn" $["exit":0, "stderr":"", "stdout":"laptop.suse.cz"]
Return	$["dns":$["nameservers":["208.67.222.222", "208.67.220.220"], "searches":["suse.cz", "suse.de"]], "hostname":$["dhcp_hostname":"1", "domain":"suse.cz", "name":"laptop"], "interfaces":$["eth0":$["bootproto":"dhcp4", "mtu":"", "startmode":"manual"], "eth1":$["bootproto":"static", "ipaddr":"1.2.3.4/24", "mtu":"1234", "startmode":"auto"], "eth2":$["bootproto":"static", "ipaddr":"1.2.3.5/24", "mtu":"", "startmode":"auto"], "eth3":$["bootproto":"static", "ipaddr":"1.2.3.6/24", "mtu":"", "startmode":"auto"], "eth4":$["bootproto":"static", "ipaddr":"1.2.3.7/24", "mtu":"", "startmode":"auto"], "eth5":$["bootproto":"static", "ipaddr":"", "mtu":"", "startmode":"auto"], "eth5.23":$["bootproto":"static", "ipaddr":"1.2.3.8/24", "mtu":"", "startmode":"auto", "vlan_etherdevice":"eth5", "vlan_id":"23"]], "routes":$["default":$["via":"10.20.30.40"]]]
Dump	Testing YaPI Write
Dir	.network.section: ["eth0", "eth1", "eth2", "eth3", "eth4", "eth5", "eth5.23"]
Dir	.network.value."eth0": ["BOOTPROTO", "STARTMODE"]
Read	.network.value."eth0".BOOTPROTO "dhcp4"
Read	.network.value."eth0".STARTMODE "manual"
Read	.target.stat "/sys/class/net/eth0/type" $["exists":true]
Read	.target.string "/sys/class/net/eth0/type" "laptop.suse.cz"
Dir	.network.value."eth1": ["BOOTPROTO", "IPADDR", "MTU", "STARTMODE"]
Read	.network.value."eth1".BOOTPROTO "static"
Read	.network.value."eth1".IPADDR "1.2.3.4/24"
Read	.network.value."eth1".MTU "1234"
Read	.network.value."eth1".STARTMODE "auto"
Read	.target.stat "/sys/class/net/eth1/type" $["exists":true]
Read	.target.string "/sys/class/net/eth1/type" "laptop.suse.cz"
Dir	.network.value."eth2": ["BOOTPROTO", "IPADDR", "PREFIXLEN", "STARTMODE"]
Read	.network.value."eth2".BOOTPROTO "static"
Read	.network.value."eth2".IPADDR "1.2.3.5/24"
Read	.network.value."eth2".PREFIXLEN ""
Read	.network.value."eth2".STARTMODE "auto"
Read	.target.stat "/sys/class/net/eth2/type" $["exists":true]
Read	.target.string "/sys/class/net/eth2/type" "laptop.suse.cz"
Dir	.network.value."eth3": ["BOOTPROTO", "IPADDR", "PREFIXLEN", "STARTMODE"]
Read	.network.value."eth3".BOOTPROTO "static"
Read	.network.value."eth3".IPADDR "1.2.3.6"
Read	.network.value."eth3".PREFIXLEN "24"
Read	.network.value."eth3".STARTMODE "auto"
Read	.target.stat "/sys/class/net/eth3/type" $["exists":true]
Read	.target.string "/sys/class/net/eth3/type" "laptop.suse.cz"
Dir	.network.value."eth4": ["BOOTPROTO", "IPADDR", "NETMASK", "STARTMODE"]
Read	.network.value."eth4".BOOTPROTO "static"
Read	.network.value."eth4".IPADDR "1.2.3.7"
Read	.network.value."eth4".NETMASK "255.255.255.0"
Read	.network.value."eth4".STARTMODE "auto"
Read	.target.stat "/sys/class/net/eth4/type" $["exists":true]
Read	.target.string "/sys/class/net/eth4/type" "laptop.suse.cz"
Dir	.network.value."eth5": ["BOOTPROTO", "STARTMODE"]
Read	.network.value."eth5".BOOTPROTO "static"
Read	.network.value."eth5".STARTMODE "auto"
Read	.target.stat "/sys/class/net/eth5/type" $["exists":true]
Read	.target.string "/sys/class/net/eth5/type" "laptop.suse.cz"
Dir	.network.value."eth5.23": ["BOOTPROTO", "ETHERDEVICE", "IPADDR", "STARTMODE", "VLAN_ID"]
Read	.network.value."eth5.23".BOOTPROTO "static"
Read	.network.value."eth5.23".ETHERDEVICE "eth5"
Read	.network.value."eth5.23".IPADDR "1.2.3.8/24"
Read	.network.value."eth5.23".STARTMODE "auto"
Read	.network.value."eth5.23".VLAN_ID "23"
Read	.target.stat "/sys/class/net/eth0/type" $["exists":true]
Read	.target.string "/sys/class/net/eth0/type" "laptop.suse.cz"
Read	.target.stat "/sys/class/net/eth0/type" $["exists":true]
Read	.target.string "/sys/class/net/eth0/type" "laptop.suse.cz"
Read	.target.stat "/sys/class/net/eth0/type" $["exists":true]
Read	.target.string "/sys/class/net/eth0/type" "laptop.suse.cz"
Read	.target.stat "/sys/class/net/eth0/type" $["exists":true]
Read	.target.string "/sys/class/net/eth0/type" "laptop.suse.cz"
Read	.target.stat "/sys/class/net/eth0/type" $["exists":true]
Read	.target.string "/sys/class/net/eth0/type" "laptop.suse.cz"
Read	.target.stat "/sys/class/net/eth0/type" $["exists":true]
Read	.target.string "/sys/class/net/eth0/type" "laptop.suse.cz"
Read	.target.stat "/sys/class/net/eth0/type" $["exists":true]
Read	.target.string "/sys/class/net/eth0/type" "laptop.suse.cz"
Write	.network.value."eth0".BOOTPROTO "dhcp4" true
Write	.network.value."eth0".STARTMODE "auto" true
Write	.network nil true
Execute	.target.bash_output " LANG=C TERM=dumb COLUMNS=1024 systemctl --no-legend --no-pager --no-ask-password show network.service  --property=Id  --property=MainPID  --property=Description  --property=LoadState  --property=ActiveState  --property=SubState  --property=UnitFileState  --property=FragmentPath " $["exit":0, "stderr":"", "stdout":"laptop.suse.cz"]
Execute	.target.bash_output " LANG=C TERM=dumb COLUMNS=1024 systemctl --no-legend --no-pager --no-ask-password is-enabled network.service " $["exit":0, "stderr":"", "stdout":"laptop.suse.cz"]
Execute	.target.bash_output " LANG=C TERM=dumb COLUMNS=1024 systemctl --no-legend --no-pager --no-ask-password restart network.service " $["exit":0, "stderr":"", "stdout":"laptop.suse.cz"]
Execute	.target.bash_output " LANG=C TERM=dumb COLUMNS=1024 systemctl --no-legend --no-pager --no-ask-password show network.service  --property=Id  --property=MainPID  --property=Description  --property=LoadState  --property=ActiveState  --property=SubState  --property=UnitFileState  --property=FragmentPath " $["exit":0, "stderr":"", "stdout":"laptop.suse.cz"]
Execute	.target.bash_output " LANG=C TERM=dumb COLUMNS=1024 systemctl --no-legend --no-pager --no-ask-password is-enabled network.service " $["exit":0, "stderr":"", "stdout":"laptop.suse.cz"]
Read	.target.size "/etc/sysconfig/network/routes" 27
Read	.routes [$["destination":"default", "gateway":"10.20.30.40"]]
Execute	.target.bash_output " LANG=C TERM=dumb COLUMNS=1024 systemctl --no-legend --no-pager --no-ask-password show SuSEfirewall2.service  --property=Id  --property=MainPID  --property=Description  --property=LoadState  --property=ActiveState  --property=SubState  --property=UnitFileState  --property=FragmentPath " $["exit":0, "stderr":"", "stdout":"laptop.suse.cz"]
Execute	.target.bash_output " LANG=C TERM=dumb COLUMNS=1024 systemctl --no-legend --no-pager --no-ask-password is-enabled SuSEfirewall2.service " $["exit":0, "stderr":"", "stdout":"laptop.suse.cz"]
Read	.etc.sysctl_conf."net.ipv4.ip_forward" nil
Read	.etc.sysctl_conf."net.ipv6.conf.all.forwarding" nil
Execute	.target.bash_output " LANG=C TERM=dumb COLUMNS=1024 systemctl --no-legend --no-pager --no-ask-password show SuSEfirewall2.service  --property=Id  --property=MainPID  --property=Description  --property=LoadState  --property=ActiveState  --property=SubState  --property=UnitFileState  --property=FragmentPath " $["exit":0, "stderr":"", "stdout":"laptop.suse.cz"]
Execute	.target.bash_output " LANG=C TERM=dumb COLUMNS=1024 systemctl --no-legend --no-pager --no-ask-password is-enabled SuSEfirewall2.service " $["exit":0, "stderr":"", "stdout":"laptop.suse.cz"]
Write	.etc.sysctl_conf."net.ipv4.ip_forward" "0" true
Write	.etc.sysctl_conf."net.ipv6.conf.all.forwarding" "0" true
Write	.etc.sysctl_conf nil true
Execute	.target.bash "echo 0 > /proc/sys/net/ipv4/ip_forward" 0
Execute	.target.bash "echo 0 > /proc/sys/net/ipv6/conf/all/forwarding" 0
Read	.target.size "/etc/sysconfig/network/routes" 27
Execute	.target.bash "/bin/cp /etc/sysconfig/network/routes /etc/sysconfig/network/routes.YaST2save" 0
Write	.routes [$["destination":"default", "device":"-", "gateway":"10.20.30.40", "netmask":"-"]] true
Log	assertion failure, expected '$["error":"A valid IP address consists of four integers\nin the range 0-255 separated by dots.", "exit":"-1"]', got '$["error":"A valid IPv4 address consists of four integers\nin the range 0-255 separated by dots.", "exit":"-1"]'
Dir	.network.section: ["eth0", "eth1", "eth2", "eth3", "eth4", "eth5", "eth5.23"]
Dir	.network.value."eth0": ["BOOTPROTO", "STARTMODE"]
Read	.network.value."eth0".BOOTPROTO "dhcp4"
Read	.network.value."eth0".STARTMODE "manual"
Read	.target.stat "/sys/class/net/eth0/type" $["exists":true]
Read	.target.string "/sys/class/net/eth0/type" "laptop.suse.cz"
Dir	.network.value."eth1": ["BOOTPROTO", "IPADDR", "MTU", "STARTMODE"]
Read	.network.value."eth1".BOOTPROTO "static"
Read	.network.value."eth1".IPADDR "1.2.3.4/24"
Read	.network.value."eth1".MTU "1234"
Read	.network.value."eth1".STARTMODE "auto"
Read	.target.stat "/sys/class/net/eth1/type" $["exists":true]
Read	.target.string "/sys/class/net/eth1/type" "laptop.suse.cz"
Dir	.network.value."eth2": ["BOOTPROTO", "IPADDR", "PREFIXLEN", "STARTMODE"]
Read	.network.value."eth2".BOOTPROTO "static"
Read	.network.value."eth2".IPADDR "1.2.3.5/24"
Read	.network.value."eth2".PREFIXLEN ""
Read	.network.value."eth2".STARTMODE "auto"
Read	.target.stat "/sys/class/net/eth2/type" $["exists":true]
Read	.target.string "/sys/class/net/eth2/type" "laptop.suse.cz"
Dir	.network.value."eth3": ["BOOTPROTO", "IPADDR", "PREFIXLEN", "STARTMODE"]
Read	.network.value."eth3".BOOTPROTO "static"
Read	.network.value."eth3".IPADDR "1.2.3.6"
Read	.network.value."eth3".PREFIXLEN "24"
Read	.network.value."eth3".STARTMODE "auto"
Read	.target.stat "/sys/class/net/eth3/type" $["exists":true]
Read	.target.string "/sys/class/net/eth3/type" "laptop.suse.cz"
Dir	.network.value."eth4": ["BOOTPROTO", "IPADDR", "NETMASK", "STARTMODE"]
Read	.network.value."eth4".BOOTPROTO "static"
Read	.network.value."eth4".IPADDR "1.2.3.7"
Read	.network.value."eth4".NETMASK "255.255.255.0"
Read	.network.value."eth4".STARTMODE "auto"
Read	.target.stat "/sys/class/net/eth4/type" $["exists":true]
Read	.target.string "/sys/class/net/eth4/type" "laptop.suse.cz"
Dir	.network.value."eth5": ["BOOTPROTO", "STARTMODE"]
Read	.network.value."eth5".BOOTPROTO "static"
Read	.network.value."eth5".STARTMODE "auto"
Read	.target.stat "/sys/class/net/eth5/type" $["exists":true]
Read	.target.string "/sys/class/net/eth5/type" "laptop.suse.cz"
Dir	.network.value."eth5.23": ["BOOTPROTO", "ETHERDEVICE", "IPADDR", "STARTMODE", "VLAN_ID"]
Read	.network.value."eth5.23".BOOTPROTO "static"
Read	.network.value."eth5.23".ETHERDEVICE "eth5"
Read	.network.value."eth5.23".IPADDR "1.2.3.8/24"
Read	.network.value."eth5.23".STARTMODE "auto"
Read	.network.value."eth5.23".VLAN_ID "23"
Read	.target.stat "/sys/class/net/eth3/type" $["exists":true]
Read	.target.string "/sys/class/net/eth3/type" "laptop.suse.cz"
Read	.target.stat "/sys/class/net/eth3/type" $["exists":true]
Read	.target.string "/sys/class/net/eth3/type" "laptop.suse.cz"
Read	.target.stat "/sys/class/net/eth3/type" $["exists":true]
Read	.target.string "/sys/class/net/eth3/type" "laptop.suse.cz"
Read	.target.stat "/sys/class/net/eth3/type" $["exists":true]
Read	.target.string "/sys/class/net/eth3/type" "laptop.suse.cz"
Read	.target.stat "/sys/class/net/eth3/type" $["exists":true]
Read	.target.string "/sys/class/net/eth3/type" "laptop.suse.cz"
Read	.target.stat "/sys/class/net/eth3/type" $["exists":true]
Read	.target.string "/sys/class/net/eth3/type" "laptop.suse.cz"
Read	.target.stat "/sys/class/net/eth3/type" $["exists":true]
Read	.target.string "/sys/class/net/eth3/type" "laptop.suse.cz"
Write	.network.value."eth3".BOOTPROTO "static" true
Write	.network.value."eth3".IPADDR "1.2.3.7/24" true
Write	.network.value."eth3".STARTMODE "auto" true
Write	.network nil true
Execute	.target.bash_output " LANG=C TERM=dumb COLUMNS=1024 systemctl --no-legend --no-pager --no-ask-password show network.service  --property=Id  --property=MainPID  --property=Description  --property=LoadState  --property=ActiveState  --property=SubState  --property=UnitFileState  --property=FragmentPath " $["exit":0, "stderr":"", "stdout":"laptop.suse.cz"]
Execute	.target.bash_output " LANG=C TERM=dumb COLUMNS=1024 systemctl --no-legend --no-pager --no-ask-password is-enabled network.service " $["exit":0, "stderr":"", "stdout":"laptop.suse.cz"]
Execute	.target.bash_output " LANG=C TERM=dumb COLUMNS=1024 systemctl --no-legend --no-pager --no-ask-password restart network.service " $["exit":0, "stderr":"", "stdout":"laptop.suse.cz"]
Execute	.target.bash_output " LANG=C TERM=dumb COLUMNS=1024 systemctl --no-legend --no-pager --no-ask-password show network.service  --property=Id  --property=MainPID  --property=Description  --property=LoadState  --property=ActiveState  --property=SubState  --property=UnitFileState  --property=FragmentPath " $["exit":0, "stderr":"", "stdout":"laptop.suse.cz"]
Execute	.target.bash_output " LANG=C TERM=dumb COLUMNS=1024 systemctl --no-legend --no-pager --no-ask-password is-enabled network.service " $["exit":0, "stderr":"", "stdout":"laptop.suse.cz"]
Dir	.network.section: ["eth0", "eth1", "eth2", "eth3", "eth4", "eth5", "eth5.23"]
Dir	.network.value."eth0": ["BOOTPROTO", "STARTMODE"]
Read	.network.value."eth0".BOOTPROTO "dhcp4"
Read	.network.value."eth0".STARTMODE "manual"
Read	.target.stat "/sys/class/net/eth0/type" $["exists":true]
Read	.target.string "/sys/class/net/eth0/type" "laptop.suse.cz"
Dir	.network.value."eth1": ["BOOTPROTO", "IPADDR", "MTU", "STARTMODE"]
Read	.network.value."eth1".BOOTPROTO "static"
Read	.network.value."eth1".IPADDR "1.2.3.4/24"
Read	.network.value."eth1".MTU "1234"
Read	.network.value."eth1".STARTMODE "auto"
Read	.target.stat "/sys/class/net/eth1/type" $["exists":true]
Read	.target.string "/sys/class/net/eth1/type" "laptop.suse.cz"
Dir	.network.value."eth2": ["BOOTPROTO", "IPADDR", "PREFIXLEN", "STARTMODE"]
Read	.network.value."eth2".BOOTPROTO "static"
Read	.network.value."eth2".IPADDR "1.2.3.5/24"
Read	.network.value."eth2".PREFIXLEN ""
Read	.network.value."eth2".STARTMODE "auto"
Read	.target.stat "/sys/class/net/eth2/type" $["exists":true]
Read	.target.string "/sys/class/net/eth2/type" "laptop.suse.cz"
Dir	.network.value."eth3": ["BOOTPROTO", "IPADDR", "PREFIXLEN", "STARTMODE"]
Read	.network.value."eth3".BOOTPROTO "static"
Read	.network.value."eth3".IPADDR "1.2.3.6"
Read	.network.value."eth3".PREFIXLEN "24"
Read	.network.value."eth3".STARTMODE "auto"
Read	.target.stat "/sys/class/net/eth3/type" $["exists":true]
Read	.target.string "/sys/class/net/eth3/type" "laptop.suse.cz"
Dir	.network.value."eth4": ["BOOTPROTO", "IPADDR", "NETMASK", "STARTMODE"]
Read	.network.value."eth4".BOOTPROTO "static"
Read	.network.value."eth4".IPADDR "1.2.3.7"
Read	.network.value."eth4".NETMASK "255.255.255.0"
Read	.network.value."eth4".STARTMODE "auto"
Read	.target.stat "/sys/class/net/eth4/type" $["exists":true]
Read	.target.string "/sys/class/net/eth4/type" "laptop.suse.cz"
Dir	.network.value."eth5": ["BOOTPROTO", "STARTMODE"]
Read	.network.value."eth5".BOOTPROTO "static"
Read	.network.value."eth5".STARTMODE "auto"
Read	.target.stat "/sys/class/net/eth5/type" $["exists":true]
Read	.target.string "/sys/class/net/eth5/type" "laptop.suse.cz"
Dir	.network.value."eth5.23": ["BOOTPROTO", "ETHERDEVICE", "IPADDR", "STARTMODE", "VLAN_ID"]
Read	.network.value."eth5.23".BOOTPROTO "static"
Read	.network.value."eth5.23".ETHERDEVICE "eth5"
Read	.network.value."eth5.23".IPADDR "1.2.3.8/24"
Read	.network.value."eth5.23".STARTMODE "auto"
Read	.network.value."eth5.23".VLAN_ID "23"
Read	.target.stat "/sys/class/net/eth5.23/type" $["exists":true]
Read	.target.string "/sys/class/net/eth5.23/type" "laptop.suse.cz"
Read	.target.stat "/sys/class/net/eth5.23/type" $["exists":true]
Read	.target.string "/sys/class/net/eth5.23/type" "laptop.suse.cz"
Read	.target.stat "/sys/class/net/eth5.23/type" $["exists":true]
Read	.target.string "/sys/class/net/eth5.23/type" "laptop.suse.cz"
Read	.target.stat "/sys/class/net/eth5.23/type" $["exists":true]
Read	.target.string "/sys/class/net/eth5.23/type" "laptop.suse.cz"
Read	.target.stat "/sys/class/net/eth5.23/type" $["exists":true]
Read	.target.string "/sys/class/net/eth5.23/type" "laptop.suse.cz"
Read	.target.stat "/sys/class/net/eth5.23/type" $["exists":true]
Read	.target.string "/sys/class/net/eth5.23/type" "laptop.suse.cz"
Read	.target.stat "/sys/class/net/eth5.23/type" $["exists":true]
Read	.target.string "/sys/class/net/eth5.23/type" "laptop.suse.cz"
Write	.network.value."eth5.23".BOOTPROTO "static" true
Write	.network.value."eth5.23".ETHERDEVICE "eth5" true
Write	.network.value."eth5.23".IPADDR "1.2.3.8/24" true
Write	.network.value."eth5.23".STARTMODE "auto" true
Write	.network.value."eth5.23".VLAN_ID "42" true
Write	.network nil true
Execute	.target.bash_output " LANG=C TERM=dumb COLUMNS=1024 systemctl --no-legend --no-pager --no-ask-password show network.service  --property=Id  --property=MainPID  --property=Description  --property=LoadState  --property=ActiveState  --property=SubState  --property=UnitFileState  --property=FragmentPath " $["exit":0, "stderr":"", "stdout":"laptop.suse.cz"]
Execute	.target.bash_output " LANG=C TERM=dumb COLUMNS=1024 systemctl --no-legend --no-pager --no-ask-password is-enabled network.service " $["exit":0, "stderr":"", "stdout":"laptop.suse.cz"]
Execute	.target.bash_output " LANG=C TERM=dumb COLUMNS=1024 systemctl --no-legend --no-pager --no-ask-password restart network.service " $["exit":0, "stderr":"", "stdout":"laptop.suse.cz"]
Execute	.target.bash_output " LANG=C TERM=dumb COLUMNS=1024 systemctl --no-legend --no-pager --no-ask-password show network.service  --property=Id  --property=MainPID  --property=Description  --property=LoadState  --property=ActiveState  --property=SubState  --property=UnitFileState  --property=FragmentPath " $["exit":0, "stderr":"", "stdout":"laptop.suse.cz"]
Execute	.target.bash_output " LANG=C TERM=dumb COLUMNS=1024 systemctl --no-legend --no-pager --no-ask-password is-enabled network.service " $["exit":0, "stderr":"", "stdout":"laptop.suse.cz"]
