Read	.target.tmpdir nil
Log	Failed to set temporary directory: nil
