Dump	==== Read =====
Read	.target.size "/etc/sysconfig/network/routes" 1
Read	.routes [$["1":"r1"], $["2":"r2"]]
Read	.etc.sysctl_conf."net.ipv4.ip_forward" "1"
Read	.etc.sysctl_conf."net.ipv6.conf.all.forwarding" "1"
Return	true
Dump	Routing::routes [$["1":"r1"], $["2":"r2"]]
Dump	==== Write ====
Return	true
Write	.etc.sysctl_conf."net.ipv4.ip_forward" "1" true
Write	.etc.sysctl_conf."net.ipv6.conf.all.forwarding" "1" true
Write	.etc.sysctl_conf nil true
Execute	.target.bash "echo 1 > /proc/sys/net/ipv4/ip_forward" 0
Execute	.target.bash "echo 1 > /proc/sys/net/ipv6/conf/all/forwarding" 0
Read	.target.size "/etc/sysconfig/network/routes" 1
Execute	.target.bash "/bin/cp /etc/sysconfig/network/routes /etc/sysconfig/network/routes.YaST2save" 0
Write	.routes [$["1":"r1"], $["3":"r3"]] true
Return	true
Dump	==== Import ====
Return	true
Dump	==== Export ====
Return	$["ipv4_forward":true, "ipv6_forward":true, "routes":["r7", "r8"]]
